Archive member included to satisfy reference by file (symbol)

c:/st/stm32cubeide_1.8.0/stm32cubeide/plugins/com.st.stm32cube.ide.mcu.externaltools.gnu-tools-for-stm32.10.3-2021.10.win32_1.0.0.202111181127/tools/bin/../lib/gcc/arm-none-eabi/10.3.1/../../../../arm-none-eabi/lib/thumb/v7-m/nofp\libc_nano.a(lib_a-errno.o)
                              ./Core/Src/syscalls.o (__errno)
c:/st/stm32cubeide_1.8.0/stm32cubeide/plugins/com.st.stm32cube.ide.mcu.externaltools.gnu-tools-for-stm32.10.3-2021.10.win32_1.0.0.202111181127/tools/bin/../lib/gcc/arm-none-eabi/10.3.1/../../../../arm-none-eabi/lib/thumb/v7-m/nofp\libc_nano.a(lib_a-exit.o)
                              c:/st/stm32cubeide_1.8.0/stm32cubeide/plugins/com.st.stm32cube.ide.mcu.externaltools.gnu-tools-for-stm32.10.3-2021.10.win32_1.0.0.202111181127/tools/bin/../lib/gcc/arm-none-eabi/10.3.1/../../../../arm-none-eabi/lib/thumb/v7-m/nofp/crt0.o (exit)
c:/st/stm32cubeide_1.8.0/stm32cubeide/plugins/com.st.stm32cube.ide.mcu.externaltools.gnu-tools-for-stm32.10.3-2021.10.win32_1.0.0.202111181127/tools/bin/../lib/gcc/arm-none-eabi/10.3.1/../../../../arm-none-eabi/lib/thumb/v7-m/nofp\libc_nano.a(lib_a-impure.o)
                              c:/st/stm32cubeide_1.8.0/stm32cubeide/plugins/com.st.stm32cube.ide.mcu.externaltools.gnu-tools-for-stm32.10.3-2021.10.win32_1.0.0.202111181127/tools/bin/../lib/gcc/arm-none-eabi/10.3.1/../../../../arm-none-eabi/lib/thumb/v7-m/nofp\libc_nano.a(lib_a-exit.o) (_global_impure_ptr)
c:/st/stm32cubeide_1.8.0/stm32cubeide/plugins/com.st.stm32cube.ide.mcu.externaltools.gnu-tools-for-stm32.10.3-2021.10.win32_1.0.0.202111181127/tools/bin/../lib/gcc/arm-none-eabi/10.3.1/../../../../arm-none-eabi/lib/thumb/v7-m/nofp\libc_nano.a(lib_a-init.o)
                              c:/st/stm32cubeide_1.8.0/stm32cubeide/plugins/com.st.stm32cube.ide.mcu.externaltools.gnu-tools-for-stm32.10.3-2021.10.win32_1.0.0.202111181127/tools/bin/../lib/gcc/arm-none-eabi/10.3.1/../../../../arm-none-eabi/lib/thumb/v7-m/nofp/crt0.o (__libc_init_array)
c:/st/stm32cubeide_1.8.0/stm32cubeide/plugins/com.st.stm32cube.ide.mcu.externaltools.gnu-tools-for-stm32.10.3-2021.10.win32_1.0.0.202111181127/tools/bin/../lib/gcc/arm-none-eabi/10.3.1/../../../../arm-none-eabi/lib/thumb/v7-m/nofp\libc_nano.a(lib_a-memset.o)
                              c:/st/stm32cubeide_1.8.0/stm32cubeide/plugins/com.st.stm32cube.ide.mcu.externaltools.gnu-tools-for-stm32.10.3-2021.10.win32_1.0.0.202111181127/tools/bin/../lib/gcc/arm-none-eabi/10.3.1/../../../../arm-none-eabi/lib/thumb/v7-m/nofp/crt0.o (memset)

Discarded input sections

 .text          0x0000000000000000        0x0 c:/st/stm32cubeide_1.8.0/stm32cubeide/plugins/com.st.stm32cube.ide.mcu.externaltools.gnu-tools-for-stm32.10.3-2021.10.win32_1.0.0.202111181127/tools/bin/../lib/gcc/arm-none-eabi/10.3.1/thumb/v7-m/nofp/crti.o
 .data          0x0000000000000000        0x0 c:/st/stm32cubeide_1.8.0/stm32cubeide/plugins/com.st.stm32cube.ide.mcu.externaltools.gnu-tools-for-stm32.10.3-2021.10.win32_1.0.0.202111181127/tools/bin/../lib/gcc/arm-none-eabi/10.3.1/thumb/v7-m/nofp/crti.o
 .bss           0x0000000000000000        0x0 c:/st/stm32cubeide_1.8.0/stm32cubeide/plugins/com.st.stm32cube.ide.mcu.externaltools.gnu-tools-for-stm32.10.3-2021.10.win32_1.0.0.202111181127/tools/bin/../lib/gcc/arm-none-eabi/10.3.1/thumb/v7-m/nofp/crti.o
 .data          0x0000000000000000        0x4 c:/st/stm32cubeide_1.8.0/stm32cubeide/plugins/com.st.stm32cube.ide.mcu.externaltools.gnu-tools-for-stm32.10.3-2021.10.win32_1.0.0.202111181127/tools/bin/../lib/gcc/arm-none-eabi/10.3.1/thumb/v7-m/nofp/crtbegin.o
 .rodata        0x0000000000000000       0x24 c:/st/stm32cubeide_1.8.0/stm32cubeide/plugins/com.st.stm32cube.ide.mcu.externaltools.gnu-tools-for-stm32.10.3-2021.10.win32_1.0.0.202111181127/tools/bin/../lib/gcc/arm-none-eabi/10.3.1/thumb/v7-m/nofp/crtbegin.o
 .text          0x0000000000000000       0x7c c:/st/stm32cubeide_1.8.0/stm32cubeide/plugins/com.st.stm32cube.ide.mcu.externaltools.gnu-tools-for-stm32.10.3-2021.10.win32_1.0.0.202111181127/tools/bin/../lib/gcc/arm-none-eabi/10.3.1/../../../../arm-none-eabi/lib/thumb/v7-m/nofp/crt0.o
 .data          0x0000000000000000        0x0 c:/st/stm32cubeide_1.8.0/stm32cubeide/plugins/com.st.stm32cube.ide.mcu.externaltools.gnu-tools-for-stm32.10.3-2021.10.win32_1.0.0.202111181127/tools/bin/../lib/gcc/arm-none-eabi/10.3.1/../../../../arm-none-eabi/lib/thumb/v7-m/nofp/crt0.o
 .bss           0x0000000000000000        0x0 c:/st/stm32cubeide_1.8.0/stm32cubeide/plugins/com.st.stm32cube.ide.mcu.externaltools.gnu-tools-for-stm32.10.3-2021.10.win32_1.0.0.202111181127/tools/bin/../lib/gcc/arm-none-eabi/10.3.1/../../../../arm-none-eabi/lib/thumb/v7-m/nofp/crt0.o
[...]
Memory Configuration

Name             Origin             Length             Attributes
RAM              0x0000000020000000 0x0000000000005000 xrw
FLASH            0x0000000008000000 0x0000000000010000 xr
*default*        0x0000000000000000 0xffffffffffffffff

Linker script and memory map

LOAD c:/st/stm32cubeide_1.8.0/stm32cubeide/plugins/com.st.stm32cube.ide.mcu.externaltools.gnu-tools-for-stm32.10.3-2021.10.win32_1.0.0.202111181127/tools/bin/../lib/gcc/arm-none-eabi/10.3.1/thumb/v7-m/nofp/crti.o
LOAD c:/st/stm32cubeide_1.8.0/stm32cubeide/plugins/com.st.stm32cube.ide.mcu.externaltools.gnu-tools-for-stm32.10.3-2021.10.win32_1.0.0.202111181127/tools/bin/../lib/gcc/arm-none-eabi/10.3.1/thumb/v7-m/nofp/crtbegin.o
LOAD c:/st/stm32cubeide_1.8.0/stm32cubeide/plugins/com.st.stm32cube.ide.mcu.externaltools.gnu-tools-for-stm32.10.3-2021.10.win32_1.0.0.202111181127/tools/bin/../lib/gcc/arm-none-eabi/10.3.1/../../../../arm-none-eabi/lib/thumb/v7-m/nofp/crt0.o
LOAD ./Core/Src/main.o
LOAD ./Core/Src/stm32f1xx_hal_msp.o
LOAD ./Core/Src/stm32f1xx_it.o
LOAD ./Core/Src/syscalls.o
LOAD ./Core/Src/sysmem.o
LOAD ./Core/Src/system_stm32f1xx.o
LOAD ./Core/Startup/startup_stm32f103c8tx.o
LOAD ./Drivers/STM32F1xx_HAL_Driver/Src/stm32f1xx_hal.o
LOAD ./Drivers/STM32F1xx_HAL_Driver/Src/stm32f1xx_hal_cortex.o
LOAD ./Drivers/STM32F1xx_HAL_Driver/Src/stm32f1xx_hal_dma.o
LOAD ./Drivers/STM32F1xx_HAL_Driver/Src/stm32f1xx_hal_exti.o
LOAD ./Drivers/STM32F1xx_HAL_Driver/Src/stm32f1xx_hal_flash.o
LOAD ./Drivers/STM32F1xx_HAL_Driver/Src/stm32f1xx_hal_flash_ex.o
LOAD ./Drivers/STM32F1xx_HAL_Driver/Src/stm32f1xx_hal_gpio.o
LOAD ./Drivers/STM32F1xx_HAL_Driver/Src/stm32f1xx_hal_gpio_ex.o
LOAD ./Drivers/STM32F1xx_HAL_Driver/Src/stm32f1xx_hal_pwr.o
LOAD ./Drivers/STM32F1xx_HAL_Driver/Src/stm32f1xx_hal_rcc.o
LOAD ./Drivers/STM32F1xx_HAL_Driver/Src/stm32f1xx_hal_rcc_ex.o
LOAD ./Drivers/STM32F1xx_HAL_Driver/Src/stm32f1xx_hal_tim.o
LOAD ./Drivers/STM32F1xx_HAL_Driver/Src/stm32f1xx_hal_tim_ex.o
START GROUP
LOAD c:/st/stm32cubeide_1.8.0/stm32cubeide/plugins/com.st.stm32cube.ide.mcu.externaltools.gnu-tools-for-stm32.10.3-2021.10.win32_1.0.0.202111181127/tools/bin/../lib/gcc/arm-none-eabi/10.3.1/../../../../arm-none-eabi/lib/thumb/v7-m/nofp\libc_nano.a
LOAD c:/st/stm32cubeide_1.8.0/stm32cubeide/plugins/com.st.stm32cube.ide.mcu.externaltools.gnu-tools-for-stm32.10.3-2021.10.win32_1.0.0.202111181127/tools/bin/../lib/gcc/arm-none-eabi/10.3.1/../../../../arm-none-eabi/lib/thumb/v7-m/nofp\libm.a
END GROUP
START GROUP
LOAD c:/st/stm32cubeide_1.8.0/stm32cubeide/plugins/com.st.stm32cube.ide.mcu.externaltools.gnu-tools-for-stm32.10.3-2021.10.win32_1.0.0.202111181127/tools/bin/../lib/gcc/arm-none-eabi/10.3.1/thumb/v7-m/nofp\libgcc.a
LOAD c:/st/stm32cubeide_1.8.0/stm32cubeide/plugins/com.st.stm32cube.ide.mcu.externaltools.gnu-tools-for-stm32.10.3-2021.10.win32_1.0.0.202111181127/tools/bin/../lib/gcc/arm-none-eabi/10.3.1/../../../../arm-none-eabi/lib/thumb/v7-m/nofp\libc_nano.a
END GROUP
START GROUP
LOAD c:/st/stm32cubeide_1.8.0/stm32cubeide/plugins/com.st.stm32cube.ide.mcu.externaltools.gnu-tools-for-stm32.10.3-2021.10.win32_1.0.0.202111181127/tools/bin/../lib/gcc/arm-none-eabi/10.3.1/thumb/v7-m/nofp\libgcc.a
LOAD c:/st/stm32cubeide_1.8.0/stm32cubeide/plugins/com.st.stm32cube.ide.mcu.externaltools.gnu-tools-for-stm32.10.3-2021.10.win32_1.0.0.202111181127/tools/bin/../lib/gcc/arm-none-eabi/10.3.1/../../../../arm-none-eabi/lib/thumb/v7-m/nofp\libc_nano.a
LOAD c:/st/stm32cubeide_1.8.0/stm32cubeide/plugins/com.st.stm32cube.ide.mcu.externaltools.gnu-tools-for-stm32.10.3-2021.10.win32_1.0.0.202111181127/tools/bin/../lib/gcc/arm-none-eabi/10.3.1/../../../../arm-none-eabi/lib/thumb/v7-m/nofp\libnosys.a
END GROUP
START GROUP
LOAD c:/st/stm32cubeide_1.8.0/stm32cubeide/plugins/com.st.stm32cube.ide.mcu.externaltools.gnu-tools-for-stm32.10.3-2021.10.win32_1.0.0.202111181127/tools/bin/../lib/gcc/arm-none-eabi/10.3.1/thumb/v7-m/nofp\libgcc.a
LOAD c:/st/stm32cubeide_1.8.0/stm32cubeide/plugins/com.st.stm32cube.ide.mcu.externaltools.gnu-tools-for-stm32.10.3-2021.10.win32_1.0.0.202111181127/tools/bin/../lib/gcc/arm-none-eabi/10.3.1/../../../../arm-none-eabi/lib/thumb/v7-m/nofp\libc_nano.a
LOAD c:/st/stm32cubeide_1.8.0/stm32cubeide/plugins/com.st.stm32cube.ide.mcu.externaltools.gnu-tools-for-stm32.10.3-2021.10.win32_1.0.0.202111181127/tools/bin/../lib/gcc/arm-none-eabi/10.3.1/../../../../arm-none-eabi/lib/thumb/v7-m/nofp\libnosys.a
END GROUP
LOAD c:/st/stm32cubeide_1.8.0/stm32cubeide/plugins/com.st.stm32cube.ide.mcu.externaltools.gnu-tools-for-stm32.10.3-2021.10.win32_1.0.0.202111181127/tools/bin/../lib/gcc/arm-none-eabi/10.3.1/thumb/v7-m/nofp/crtend.o
LOAD c:/st/stm32cubeide_1.8.0/stm32cubeide/plugins/com.st.stm32cube.ide.mcu.externaltools.gnu-tools-for-stm32.10.3-2021.10.win32_1.0.0.202111181127/tools/bin/../lib/gcc/arm-none-eabi/10.3.1/thumb/v7-m/nofp/crtn.o
                0x0000000020005000                _estack = (ORIGIN (RAM) + LENGTH (RAM))
                0x0000000000000200                _Min_Heap_Size = 0x200
                0x0000000000000400                _Min_Stack_Size = 0x400

.isr_vector     0x0000000008000000      0x10c
                0x0000000008000000                . = ALIGN (0x4)
 *(.isr_vector)
 .isr_vector    0x0000000008000000      0x10c ./Core/Startup/startup_stm32f103c8tx.o
                0x0000000008000000                g_pfnVectors
                0x000000000800010c                . = ALIGN (0x4)

.text           0x000000000800010c     0x2a14
                0x000000000800010c                . = ALIGN (0x4)
 *(.text)
 .text          0x000000000800010c       0x40 c:/st/stm32cubeide_1.8.0/stm32cubeide/plugins/com.st.stm32cube.ide.mcu.externaltools.gnu-tools-for-stm32.10.3-2021.10.win32_1.0.0.202111181127/tools/bin/../lib/gcc/arm-none-eabi/10.3.1/thumb/v7-m/nofp/crtbegin.o
 *(.text*)
 .text.HandsDetected
                0x000000000800014c       0x38 ./Core/Src/main.o
                0x000000000800014c                HandsDetected
 .text.main     0x0000000008000184      0x170 ./Core/Src/main.o
                0x0000000008000184                main
 .text.SystemClock_Config
                0x00000000080002f4       0x80 ./Core/Src/main.o
                0x00000000080002f4                SystemClock_Config
 .text.MX_TIM1_Init
                0x0000000008000374      0x110 ./Core/Src/main.o
 .text.MX_TIM2_Init
                0x0000000008000484      0x110 ./Core/Src/main.o
 .text.MX_TIM3_Init
                0x0000000008000594      0x110 ./Core/Src/main.o
 .text.MX_TIM4_Init
                0x00000000080006a4      0x110 ./Core/Src/main.o
 .text.MX_GPIO_Init
                0x00000000080007b4       0xa8 ./Core/Src/main.o
 .text.Error_Handler
                0x000000000800085c        0xa ./Core/Src/main.o
                0x000000000800085c                Error_Handler
 *fill*         0x0000000008000866        0x2 
 .text.HAL_MspInit
                0x0000000008000868       0x64 ./Core/Src/stm32f1xx_hal_msp.o
                0x0000000008000868                HAL_MspInit
 .text.HAL_TIM_PWM_MspInit
                0x00000000080008cc       0x3c ./Core/Src/stm32f1xx_hal_msp.o
                0x00000000080008cc                HAL_TIM_PWM_MspInit
 .text.HAL_TIM_IC_MspInit
                0x0000000008000908      0x12c ./Core/Src/stm32f1xx_hal_msp.o
                0x0000000008000908                HAL_TIM_IC_MspInit
 .text.HAL_TIM_MspPostInit
                0x0000000008000a34       0x68 ./Core/Src/stm32f1xx_hal_msp.o
                0x0000000008000a34                HAL_TIM_MspPostInit
 .text.StartTogglingLED
                0x0000000008000a9c       0x18 ./Core/Src/stm32f1xx_it.o
                0x0000000008000a9c                StartTogglingLED
 .text.StopTogglingLED
                0x0000000008000ab4       0x20 ./Core/Src/stm32f1xx_it.o
                0x0000000008000ab4                StopTogglingLED
 .text.NMI_Handler
                0x0000000008000ad4        0x6 ./Core/Src/stm32f1xx_it.o
                0x0000000008000ad4                NMI_Handler
 .text.HardFault_Handler
                0x0000000008000ada        0x6 ./Core/Src/stm32f1xx_it.o
                0x0000000008000ada                HardFault_Handler
 .text.MemManage_Handler
                0x0000000008000ae0        0x6 ./Core/Src/stm32f1xx_it.o
                0x0000000008000ae0                MemManage_Handler
 .text.BusFault_Handler
                0x0000000008000ae6        0x6 ./Core/Src/stm32f1xx_it.o
                0x0000000008000ae6                BusFault_Handler
 .text.UsageFault_Handler
                0x0000000008000aec        0x6 ./Core/Src/stm32f1xx_it.o
                0x0000000008000aec                UsageFault_Handler
 .text.SVC_Handler
                0x0000000008000af2        0xc ./Core/Src/stm32f1xx_it.o
                0x0000000008000af2                SVC_Handler
 .text.DebugMon_Handler
                0x0000000008000afe        0xc ./Core/Src/stm32f1xx_it.o
                0x0000000008000afe                DebugMon_Handler
 .text.PendSV_Handler
                0x0000000008000b0a        0xc ./Core/Src/stm32f1xx_it.o
                0x0000000008000b0a                PendSV_Handler
 *fill*         0x0000000008000b16        0x2 
 .text.SysTick_Handler
                0x0000000008000b18       0x58 ./Core/Src/stm32f1xx_it.o
                0x0000000008000b18                SysTick_Handler
 .text.SystemInit
                0x0000000008000b70        0xc ./Core/Src/system_stm32f1xx.o
                0x0000000008000b70                SystemInit
 .text.Reset_Handler
                0x0000000008000b7c       0x48 ./Core/Startup/startup_stm32f103c8tx.o
                0x0000000008000b7c                Reset_Handler
 .text.Default_Handler
                0x0000000008000bc4        0x2 ./Core/Startup/startup_stm32f103c8tx.o
                0x0000000008000bc4                RTC_Alarm_IRQHandler
                0x0000000008000bc4                EXTI2_IRQHandler
                0x0000000008000bc4                TIM1_CC_IRQHandler
                0x0000000008000bc4                PVD_IRQHandler
                0x0000000008000bc4                EXTI3_IRQHandler
                0x0000000008000bc4                EXTI0_IRQHandler
                0x0000000008000bc4                I2C2_EV_IRQHandler
                0x0000000008000bc4                ADC1_2_IRQHandler
                0x0000000008000bc4                SPI1_IRQHandler
                0x0000000008000bc4                TAMPER_IRQHandler
                0x0000000008000bc4                DMA1_Channel4_IRQHandler
                0x0000000008000bc4                USART3_IRQHandler
                0x0000000008000bc4                RTC_IRQHandler
                0x0000000008000bc4                DMA1_Channel7_IRQHandler
                0x0000000008000bc4                CAN1_RX1_IRQHandler
                0x0000000008000bc4                TIM4_IRQHandler
                0x0000000008000bc4                I2C1_EV_IRQHandler
                0x0000000008000bc4                DMA1_Channel6_IRQHandler
                0x0000000008000bc4                TIM3_IRQHandler
                0x0000000008000bc4                RCC_IRQHandler
                0x0000000008000bc4                TIM1_TRG_COM_IRQHandler
                0x0000000008000bc4                DMA1_Channel1_IRQHandler
                0x0000000008000bc4                Default_Handler
                0x0000000008000bc4                EXTI15_10_IRQHandler
                0x0000000008000bc4                EXTI9_5_IRQHandler
                0x0000000008000bc4                SPI2_IRQHandler
                0x0000000008000bc4                DMA1_Channel5_IRQHandler
                0x0000000008000bc4                EXTI4_IRQHandler
                0x0000000008000bc4                USB_LP_CAN1_RX0_IRQHandler
                0x0000000008000bc4                USB_HP_CAN1_TX_IRQHandler
                0x0000000008000bc4                DMA1_Channel3_IRQHandler
                0x0000000008000bc4                TIM1_UP_IRQHandler
                0x0000000008000bc4                WWDG_IRQHandler
                0x0000000008000bc4                TIM2_IRQHandler
                0x0000000008000bc4                TIM1_BRK_IRQHandler
                0x0000000008000bc4                EXTI1_IRQHandler
                0x0000000008000bc4                USART2_IRQHandler
                0x0000000008000bc4                I2C2_ER_IRQHandler
                0x0000000008000bc4                DMA1_Channel2_IRQHandler
                0x0000000008000bc4                CAN1_SCE_IRQHandler
                0x0000000008000bc4                FLASH_IRQHandler
                0x0000000008000bc4                USART1_IRQHandler
                0x0000000008000bc4                I2C1_ER_IRQHandler
                0x0000000008000bc4                USBWakeUp_IRQHandler
 *fill*         0x0000000008000bc6        0x2 
 .text.HAL_Init
                0x0000000008000bc8       0x2c ./Drivers/STM32F1xx_HAL_Driver/Src/stm32f1xx_hal.o
                0x0000000008000bc8                HAL_Init
 .text.HAL_InitTick
                0x0000000008000bf4       0x60 ./Drivers/STM32F1xx_HAL_Driver/Src/stm32f1xx_hal.o
                0x0000000008000bf4                HAL_InitTick
 .text.HAL_IncTick
                0x0000000008000c54       0x24 ./Drivers/STM32F1xx_HAL_Driver/Src/stm32f1xx_hal.o
                0x0000000008000c54                HAL_IncTick
 .text.HAL_GetTick
                0x0000000008000c78       0x14 ./Drivers/STM32F1xx_HAL_Driver/Src/stm32f1xx_hal.o
                0x0000000008000c78                HAL_GetTick
 .text.HAL_Delay
                0x0000000008000c8c       0x48 ./Drivers/STM32F1xx_HAL_Driver/Src/stm32f1xx_hal.o
                0x0000000008000c8c                HAL_Delay
 .text.__NVIC_SetPriorityGrouping
                0x0000000008000cd4       0x48 ./Drivers/STM32F1xx_HAL_Driver/Src/stm32f1xx_hal_cortex.o
 .text.__NVIC_GetPriorityGrouping
                0x0000000008000d1c       0x1c ./Drivers/STM32F1xx_HAL_Driver/Src/stm32f1xx_hal_cortex.o
 .text.__NVIC_SetPriority
                0x0000000008000d38       0x54 ./Drivers/STM32F1xx_HAL_Driver/Src/stm32f1xx_hal_cortex.o
 .text.NVIC_EncodePriority
                0x0000000008000d8c       0x64 ./Drivers/STM32F1xx_HAL_Driver/Src/stm32f1xx_hal_cortex.o
 .text.SysTick_Config
                0x0000000008000df0       0x44 ./Drivers/STM32F1xx_HAL_Driver/Src/stm32f1xx_hal_cortex.o
 .text.HAL_NVIC_SetPriorityGrouping
                0x0000000008000e34       0x16 ./Drivers/STM32F1xx_HAL_Driver/Src/stm32f1xx_hal_cortex.o
                0x0000000008000e34                HAL_NVIC_SetPriorityGrouping
 .text.HAL_NVIC_SetPriority
                0x0000000008000e4a       0x38 ./Drivers/STM32F1xx_HAL_Driver/Src/stm32f1xx_hal_cortex.o
                0x0000000008000e4a                HAL_NVIC_SetPriority
 .text.HAL_SYSTICK_Config
                0x0000000008000e82       0x18 ./Drivers/STM32F1xx_HAL_Driver/Src/stm32f1xx_hal_cortex.o
                0x0000000008000e82                HAL_SYSTICK_Config
 *fill*         0x0000000008000e9a        0x2 
 .text.HAL_GPIO_Init
                0x0000000008000e9c      0x308 ./Drivers/STM32F1xx_HAL_Driver/Src/stm32f1xx_hal_gpio.o
                0x0000000008000e9c                HAL_GPIO_Init
 .text.HAL_GPIO_WritePin
                0x00000000080011a4       0x30 ./Drivers/STM32F1xx_HAL_Driver/Src/stm32f1xx_hal_gpio.o
                0x00000000080011a4                HAL_GPIO_WritePin
 .text.HAL_GPIO_TogglePin
                0x00000000080011d4       0x32 ./Drivers/STM32F1xx_HAL_Driver/Src/stm32f1xx_hal_gpio.o
                0x00000000080011d4                HAL_GPIO_TogglePin
 *fill*         0x0000000008001206        0x2 
 .text.HAL_RCC_OscConfig
                0x0000000008001208      0x504 ./Drivers/STM32F1xx_HAL_Driver/Src/stm32f1xx_hal_rcc.o
                0x0000000008001208                HAL_RCC_OscConfig
 .text.HAL_RCC_ClockConfig
                0x000000000800170c      0x1d4 ./Drivers/STM32F1xx_HAL_Driver/Src/stm32f1xx_hal_rcc.o
                0x000000000800170c                HAL_RCC_ClockConfig
 .text.HAL_RCC_GetSysClockFreq
                0x00000000080018e0       0xbc ./Drivers/STM32F1xx_HAL_Driver/Src/stm32f1xx_hal_rcc.o
                0x00000000080018e0                HAL_RCC_GetSysClockFreq
 .text.RCC_Delay
                0x000000000800199c       0x3c ./Drivers/STM32F1xx_HAL_Driver/Src/stm32f1xx_hal_rcc.o
 .text.HAL_TIM_PWM_Init
                0x00000000080019d8       0x9e ./Drivers/STM32F1xx_HAL_Driver/Src/stm32f1xx_hal_tim.o
                0x00000000080019d8                HAL_TIM_PWM_Init
 *fill*         0x0000000008001a76        0x2 
 .text.HAL_TIM_PWM_Start
                0x0000000008001a78      0x144 ./Drivers/STM32F1xx_HAL_Driver/Src/stm32f1xx_hal_tim.o
                0x0000000008001a78                HAL_TIM_PWM_Start
 .text.HAL_TIM_IC_Init
                0x0000000008001bbc       0x9e ./Drivers/STM32F1xx_HAL_Driver/Src/stm32f1xx_hal_tim.o
                0x0000000008001bbc                HAL_TIM_IC_Init
 *fill*         0x0000000008001c5a        0x2 
 .text.HAL_TIM_IC_Start
                0x0000000008001c5c      0x180 ./Drivers/STM32F1xx_HAL_Driver/Src/stm32f1xx_hal_tim.o
                0x0000000008001c5c                HAL_TIM_IC_Start
 .text.HAL_TIM_IC_ConfigChannel
                0x0000000008001ddc      0x128 ./Drivers/STM32F1xx_HAL_Driver/Src/stm32f1xx_hal_tim.o
                0x0000000008001ddc                HAL_TIM_IC_ConfigChannel
 .text.HAL_TIM_PWM_ConfigChannel
                0x0000000008001f04      0x17c ./Drivers/STM32F1xx_HAL_Driver/Src/stm32f1xx_hal_tim.o
                0x0000000008001f04                HAL_TIM_PWM_ConfigChannel
 .text.HAL_TIM_SlaveConfigSynchro
                0x0000000008002080       0x84 ./Drivers/STM32F1xx_HAL_Driver/Src/stm32f1xx_hal_tim.o
                0x0000000008002080                HAL_TIM_SlaveConfigSynchro
 .text.TIM_Base_SetConfig
                0x0000000008002104       0xc4 ./Drivers/STM32F1xx_HAL_Driver/Src/stm32f1xx_hal_tim.o
                0x0000000008002104                TIM_Base_SetConfig
 .text.TIM_OC1_SetConfig
                0x00000000080021c8       0xcc ./Drivers/STM32F1xx_HAL_Driver/Src/stm32f1xx_hal_tim.o
 .text.TIM_OC2_SetConfig
                0x0000000008002294       0xd4 ./Drivers/STM32F1xx_HAL_Driver/Src/stm32f1xx_hal_tim.o
                0x0000000008002294                TIM_OC2_SetConfig
 .text.TIM_OC3_SetConfig
                0x0000000008002368       0xd4 ./Drivers/STM32F1xx_HAL_Driver/Src/stm32f1xx_hal_tim.o
 .text.TIM_OC4_SetConfig
                0x000000000800243c       0x9c ./Drivers/STM32F1xx_HAL_Driver/Src/stm32f1xx_hal_tim.o
 .text.TIM_SlaveTimer_SetConfig
                0x00000000080024d8      0x11c ./Drivers/STM32F1xx_HAL_Driver/Src/stm32f1xx_hal_tim.o
 .text.TIM_TI1_SetConfig
                0x00000000080025f4       0xb4 ./Drivers/STM32F1xx_HAL_Driver/Src/stm32f1xx_hal_tim.o
                0x00000000080025f4                TIM_TI1_SetConfig
 .text.TIM_TI1_ConfigInputStage
                0x00000000080026a8       0x5c ./Drivers/STM32F1xx_HAL_Driver/Src/stm32f1xx_hal_tim.o
 .text.TIM_TI2_SetConfig
                0x0000000008002704       0x78 ./Drivers/STM32F1xx_HAL_Driver/Src/stm32f1xx_hal_tim.o
 .text.TIM_TI2_ConfigInputStage
                0x000000000800277c       0x5e ./Drivers/STM32F1xx_HAL_Driver/Src/stm32f1xx_hal_tim.o
 .text.TIM_TI3_SetConfig
                0x00000000080027da       0x76 ./Drivers/STM32F1xx_HAL_Driver/Src/stm32f1xx_hal_tim.o
 .text.TIM_TI4_SetConfig
                0x0000000008002850       0x78 ./Drivers/STM32F1xx_HAL_Driver/Src/stm32f1xx_hal_tim.o
 .text.TIM_ETR_SetConfig
                0x00000000080028c8       0x3e ./Drivers/STM32F1xx_HAL_Driver/Src/stm32f1xx_hal_tim.o
                0x00000000080028c8                TIM_ETR_SetConfig
 .text.TIM_CCxChannelCmd
                0x0000000008002906       0x48 ./Drivers/STM32F1xx_HAL_Driver/Src/stm32f1xx_hal_tim.o
                0x0000000008002906                TIM_CCxChannelCmd
 *fill*         0x000000000800294e        0x2 
 .text.HAL_TIMEx_MasterConfigSynchronization
                0x0000000008002950       0xbc ./Drivers/STM32F1xx_HAL_Driver/Src/stm32f1xx_hal_tim_ex.o
                0x0000000008002950                HAL_TIMEx_MasterConfigSynchronization
 .text.HAL_TIMEx_ConfigBreakDeadTime
                0x0000000008002a0c       0xa2 ./Drivers/STM32F1xx_HAL_Driver/Src/stm32f1xx_hal_tim_ex.o
                0x0000000008002a0c                HAL_TIMEx_ConfigBreakDeadTime
 *fill*         0x0000000008002aae        0x2 
 .text.__libc_init_array
                0x0000000008002ab0       0x48 c:/st/stm32cubeide_1.8.0/stm32cubeide/plugins/com.st.stm32cube.ide.mcu.externaltools.gnu-tools-for-stm32.10.3-2021.10.win32_1.0.0.202111181127/tools/bin/../lib/gcc/arm-none-eabi/10.3.1/../../../../arm-none-eabi/lib/thumb/v7-m/nofp\libc_nano.a(lib_a-init.o)
                0x0000000008002ab0                __libc_init_array
 .text.memset   0x0000000008002af8       0x10 c:/st/stm32cubeide_1.8.0/stm32cubeide/plugins/com.st.stm32cube.ide.mcu.externaltools.gnu-tools-for-stm32.10.3-2021.10.win32_1.0.0.202111181127/tools/bin/../lib/gcc/arm-none-eabi/10.3.1/../../../../arm-none-eabi/lib/thumb/v7-m/nofp\libc_nano.a(lib_a-memset.o)
                0x0000000008002af8                memset
 *(.glue_7)
 .glue_7        0x0000000008002b08        0x0 linker stubs
 *(.glue_7t)
 .glue_7t       0x0000000008002b08        0x0 linker stubs
 *(.eh_frame)
 .eh_frame      0x0000000008002b08        0x0 c:/st/stm32cubeide_1.8.0/stm32cubeide/plugins/com.st.stm32cube.ide.mcu.externaltools.gnu-tools-for-stm32.10.3-2021.10.win32_1.0.0.202111181127/tools/bin/../lib/gcc/arm-none-eabi/10.3.1/thumb/v7-m/nofp/crtbegin.o
 *(.init)
 .init          0x0000000008002b08        0x4 c:/st/stm32cubeide_1.8.0/stm32cubeide/plugins/com.st.stm32cube.ide.mcu.externaltools.gnu-tools-for-stm32.10.3-2021.10.win32_1.0.0.202111181127/tools/bin/../lib/gcc/arm-none-eabi/10.3.1/thumb/v7-m/nofp/crti.o
                0x0000000008002b08                _init
 .init          0x0000000008002b0c        0x8 c:/st/stm32cubeide_1.8.0/stm32cubeide/plugins/com.st.stm32cube.ide.mcu.externaltools.gnu-tools-for-stm32.10.3-2021.10.win32_1.0.0.202111181127/tools/bin/../lib/gcc/arm-none-eabi/10.3.1/thumb/v7-m/nofp/crtn.o
 *(.fini)
 .fini          0x0000000008002b14        0x4 c:/st/stm32cubeide_1.8.0/stm32cubeide/plugins/com.st.stm32cube.ide.mcu.externaltools.gnu-tools-for-stm32.10.3-2021.10.win32_1.0.0.202111181127/tools/bin/../lib/gcc/arm-none-eabi/10.3.1/thumb/v7-m/nofp/crti.o
                0x0000000008002b14                _fini
 .fini          0x0000000008002b18        0x8 c:/st/stm32cubeide_1.8.0/stm32cubeide/plugins/com.st.stm32cube.ide.mcu.externaltools.gnu-tools-for-stm32.10.3-2021.10.win32_1.0.0.202111181127/tools/bin/../lib/gcc/arm-none-eabi/10.3.1/thumb/v7-m/nofp/crtn.o
                0x0000000008002b20                . = ALIGN (0x4)
                0x0000000008002b20                _etext = .

.vfp11_veneer   0x0000000008002b20        0x0
 .vfp11_veneer  0x0000000008002b20        0x0 linker stubs

.v4_bx          0x0000000008002b20        0x0
 .v4_bx         0x0000000008002b20        0x0 linker stubs

.iplt           0x0000000008002b20        0x0
 .iplt          0x0000000008002b20        0x0 c:/st/stm32cubeide_1.8.0/stm32cubeide/plugins/com.st.stm32cube.ide.mcu.externaltools.gnu-tools-for-stm32.10.3-2021.10.win32_1.0.0.202111181127/tools/bin/../lib/gcc/arm-none-eabi/10.3.1/thumb/v7-m/nofp/crtbegin.o

.rodata         0x0000000008002b20       0x20
                0x0000000008002b20                . = ALIGN (0x4)
 *(.rodata)
 .rodata        0x0000000008002b20       0x10 ./Drivers/STM32F1xx_HAL_Driver/Src/stm32f1xx_hal_rcc.o
 *(.rodata*)
 .rodata.AHBPrescTable
                0x0000000008002b30       0x10 ./Core/Src/system_stm32f1xx.o
                0x0000000008002b30                AHBPrescTable
                0x0000000008002b40                . = ALIGN (0x4)

.rel.dyn        0x0000000008002b40        0x0
 .rel.iplt      0x0000000008002b40        0x0 c:/st/stm32cubeide_1.8.0/stm32cubeide/plugins/com.st.stm32cube.ide.mcu.externaltools.gnu-tools-for-stm32.10.3-2021.10.win32_1.0.0.202111181127/tools/bin/../lib/gcc/arm-none-eabi/10.3.1/thumb/v7-m/nofp/crtbegin.o

.ARM.extab      0x0000000008002b40        0x0
                0x0000000008002b40                . = ALIGN (0x4)
 *(.ARM.extab* .gnu.linkonce.armextab.*)
                0x0000000008002b40                . = ALIGN (0x4)

.ARM            0x0000000008002b40        0x0
                0x0000000008002b40                . = ALIGN (0x4)
                0x0000000008002b40                __exidx_start = .
 *(.ARM.exidx*)
                0x0000000008002b40                __exidx_end = .
                0x0000000008002b40                . = ALIGN (0x4)

.preinit_array  0x0000000008002b40        0x0
                0x0000000008002b40                . = ALIGN (0x4)
                0x0000000008002b40                PROVIDE (__preinit_array_start = .)
 *(.preinit_array*)
                0x0000000008002b40                PROVIDE (__preinit_array_end = .)
                0x0000000008002b40                . = ALIGN (0x4)

.init_array     0x0000000008002b40        0x4
                0x0000000008002b40                . = ALIGN (0x4)
                0x0000000008002b40                PROVIDE (__init_array_start = .)
 *(SORT_BY_NAME(.init_array.*))
 *(.init_array*)
 .init_array    0x0000000008002b40        0x4 c:/st/stm32cubeide_1.8.0/stm32cubeide/plugins/com.st.stm32cube.ide.mcu.externaltools.gnu-tools-for-stm32.10.3-2021.10.win32_1.0.0.202111181127/tools/bin/../lib/gcc/arm-none-eabi/10.3.1/thumb/v7-m/nofp/crtbegin.o
                0x0000000008002b44                PROVIDE (__init_array_end = .)
                0x0000000008002b44                . = ALIGN (0x4)

.fini_array     0x0000000008002b44        0x4
                0x0000000008002b44                . = ALIGN (0x4)
                [!provide]                        PROVIDE (__fini_array_start = .)
 *(SORT_BY_NAME(.fini_array.*))
 *(.fini_array*)
 .fini_array    0x0000000008002b44        0x4 c:/st/stm32cubeide_1.8.0/stm32cubeide/plugins/com.st.stm32cube.ide.mcu.externaltools.gnu-tools-for-stm32.10.3-2021.10.win32_1.0.0.202111181127/tools/bin/../lib/gcc/arm-none-eabi/10.3.1/thumb/v7-m/nofp/crtbegin.o
                [!provide]                        PROVIDE (__fini_array_end = .)
                0x0000000008002b48                . = ALIGN (0x4)
                0x0000000008002b48                _sidata = LOADADDR (.data)

.data           0x0000000020000000        0xc load address 0x0000000008002b48
                0x0000000020000000                . = ALIGN (0x4)
                0x0000000020000000                _sdata = .
 *(.data)
 *(.data*)
 .data.SystemCoreClock
                0x0000000020000000        0x4 ./Core/Src/system_stm32f1xx.o
                0x0000000020000000                SystemCoreClock
 .data.uwTickPrio
                0x0000000020000004        0x4 ./Drivers/STM32F1xx_HAL_Driver/Src/stm32f1xx_hal.o
                0x0000000020000004                uwTickPrio
 .data.uwTickFreq
                0x0000000020000008        0x1 ./Drivers/STM32F1xx_HAL_Driver/Src/stm32f1xx_hal.o
                0x0000000020000008                uwTickFreq
 *(.RamFunc)
 *(.RamFunc*)
                0x000000002000000c                . = ALIGN (0x4)
 *fill*         0x0000000020000009        0x3 
                0x000000002000000c                _edata = .

.igot.plt       0x000000002000000c        0x0 load address 0x0000000008002b54
 .igot.plt      0x000000002000000c        0x0 c:/st/stm32cubeide_1.8.0/stm32cubeide/plugins/com.st.stm32cube.ide.mcu.externaltools.gnu-tools-for-stm32.10.3-2021.10.win32_1.0.0.202111181127/tools/bin/../lib/gcc/arm-none-eabi/10.3.1/thumb/v7-m/nofp/crtbegin.o
                0x000000002000000c                . = ALIGN (0x4)

.bss            0x000000002000000c      0x144 load address 0x0000000008002b54
                0x000000002000000c                _sbss = .
                0x000000002000000c                __bss_start__ = _sbss
 *(.bss)
 .bss           0x000000002000000c       0x1c c:/st/stm32cubeide_1.8.0/stm32cubeide/plugins/com.st.stm32cube.ide.mcu.externaltools.gnu-tools-for-stm32.10.3-2021.10.win32_1.0.0.202111181127/tools/bin/../lib/gcc/arm-none-eabi/10.3.1/thumb/v7-m/nofp/crtbegin.o
 *(.bss*)
 .bss.htim1     0x0000000020000028       0x48 ./Core/Src/main.o
                0x0000000020000028                htim1
 .bss.htim2     0x0000000020000070       0x48 ./Core/Src/main.o
                0x0000000020000070                htim2
 .bss.htim3     0x00000000200000b8       0x48 ./Core/Src/main.o
                0x00000000200000b8                htim3
 .bss.htim4     0x0000000020000100       0x48 ./Core/Src/main.o
                0x0000000020000100                htim4
 .bss.toggleLED
                0x0000000020000148        0x1 ./Core/Src/stm32f1xx_it.o
 *fill*         0x0000000020000149        0x1 
 .bss.count.0   0x000000002000014a        0x2 ./Core/Src/stm32f1xx_it.o
 .bss.uwTick    0x000000002000014c        0x4 ./Drivers/STM32F1xx_HAL_Driver/Src/stm32f1xx_hal.o
                0x000000002000014c                uwTick
 *(COMMON)
                0x0000000020000150                . = ALIGN (0x4)
                0x0000000020000150                _ebss = .
                0x0000000020000150                __bss_end__ = _ebss

._user_heap_stack
                0x0000000020000150      0x600 load address 0x0000000008002b54
                0x0000000020000150                . = ALIGN (0x8)
                [!provide]                        PROVIDE (end = .)
                0x0000000020000150                PROVIDE (_end = .)
                0x0000000020000350                . = (. + _Min_Heap_Size)
 *fill*         0x0000000020000150      0x200 
                0x0000000020000750                . = (. + _Min_Stack_Size)
 *fill*         0x0000000020000350      0x400 
                0x0000000020000750                . = ALIGN (0x8)

/DISCARD/
 libc.a(*)
 libm.a(*)
 libgcc.a(*)

.ARM.attributes
                0x0000000000000000       0x29
 *(.ARM.attributes)
 .ARM.attributes
                0x0000000000000000       0x1d c:/st/stm32cubeide_1.8.0/stm32cubeide/plugins/com.st.stm32cube.ide.mcu.externaltools.gnu-tools-for-stm32.10.3-2021.10.win32_1.0.0.202111181127/tools/bin/../lib/gcc/arm-none-eabi/10.3.1/thumb/v7-m/nofp/crti.o
 .ARM.attributes
                0x000000000000001d       0x2d c:/st/stm32cubeide_1.8.0/stm32cubeide/plugins/com.st.stm32cube.ide.mcu.externaltools.gnu-tools-for-stm32.10.3-2021.10.win32_1.0.0.202111181127/tools/bin/../lib/gcc/arm-none-eabi/10.3.1/thumb/v7-m/nofp/crtbegin.o
 .ARM.attributes
                0x000000000000004a       0x2d ./Core/Src/main.o
 .ARM.attributes
                0x0000000000000077       0x2d ./Core/Src/stm32f1xx_hal_msp.o
 .ARM.attributes
                0x00000000000000a4       0x2d ./Core/Src/stm32f1xx_it.o
 .ARM.attributes
                0x00000000000000d1       0x2d ./Core/Src/system_stm32f1xx.o
 .ARM.attributes
                0x00000000000000fe       0x21 ./Core/Startup/startup_stm32f103c8tx.o
 .ARM.attributes
                0x000000000000011f       0x2d ./Drivers/STM32F1xx_HAL_Driver/Src/stm32f1xx_hal.o
 .ARM.attributes
                0x000000000000014c       0x2d ./Drivers/STM32F1xx_HAL_Driver/Src/stm32f1xx_hal_cortex.o
 .ARM.attributes
                0x0000000000000179       0x2d ./Drivers/STM32F1xx_HAL_Driver/Src/stm32f1xx_hal_gpio.o
 .ARM.attributes
                0x00000000000001a6       0x2d ./Drivers/STM32F1xx_HAL_Driver/Src/stm32f1xx_hal_rcc.o
 .ARM.attributes
                0x00000000000001d3       0x2d ./Drivers/STM32F1xx_HAL_Driver/Src/stm32f1xx_hal_tim.o
 .ARM.attributes
                0x0000000000000200       0x2d ./Drivers/STM32F1xx_HAL_Driver/Src/stm32f1xx_hal_tim_ex.o
 .ARM.attributes
                0x000000000000022d       0x2d c:/st/stm32cubeide_1.8.0/stm32cubeide/plugins/com.st.stm32cube.ide.mcu.externaltools.gnu-tools-for-stm32.10.3-2021.10.win32_1.0.0.202111181127/tools/bin/../lib/gcc/arm-none-eabi/10.3.1/../../../../arm-none-eabi/lib/thumb/v7-m/nofp\libc_nano.a(lib_a-init.o)
 .ARM.attributes
                0x000000000000025a       0x2d c:/st/stm32cubeide_1.8.0/stm32cubeide/plugins/com.st.stm32cube.ide.mcu.externaltools.gnu-tools-for-stm32.10.3-2021.10.win32_1.0.0.202111181127/tools/bin/../lib/gcc/arm-none-eabi/10.3.1/../../../../arm-none-eabi/lib/thumb/v7-m/nofp\libc_nano.a(lib_a-memset.o)
 .ARM.attributes
                0x0000000000000287       0x1d c:/st/stm32cubeide_1.8.0/stm32cubeide/plugins/com.st.stm32cube.ide.mcu.externaltools.gnu-tools-for-stm32.10.3-2021.10.win32_1.0.0.202111181127/tools/bin/../lib/gcc/arm-none-eabi/10.3.1/thumb/v7-m/nofp/crtn.o
OUTPUT(Automated_Handwashing_System.elf elf32-littlearm)
LOAD linker stubs
LOAD c:/st/stm32cubeide_1.8.0/stm32cubeide/plugins/com.st.stm32cube.ide.mcu.externaltools.gnu-tools-for-stm32.10.3-2021.10.win32_1.0.0.202111181127/tools/bin/../lib/gcc/arm-none-eabi/10.3.1/../../../../arm-none-eabi/lib/thumb/v7-m/nofp\libc.a
LOAD c:/st/stm32cubeide_1.8.0/stm32cubeide/plugins/com.st.stm32cube.ide.mcu.externaltools.gnu-tools-for-stm32.10.3-2021.10.win32_1.0.0.202111181127/tools/bin/../lib/gcc/arm-none-eabi/10.3.1/../../../../arm-none-eabi/lib/thumb/v7-m/nofp\libm.a
LOAD c:/st/stm32cubeide_1.8.0/stm32cubeide/plugins/com.st.stm32cube.ide.mcu.externaltools.gnu-tools-for-stm32.10.3-2021.10.win32_1.0.0.202111181127/tools/bin/../lib/gcc/arm-none-eabi/10.3.1/thumb/v7-m/nofp\libgcc.a

.debug_info     0x0000000000000000     0x7eab
 .debug_info    0x0000000000000000      0xfa6 ./Core/Src/main.o
 .debug_info    0x0000000000000fa6      0xa58 ./Core/Src/stm32f1xx_hal_msp.o
 .debug_info    0x00000000000019fe      0x294 ./Core/Src/stm32f1xx_it.o
 .debug_info    0x0000000000001c92      0x23d ./Core/Src/system_stm32f1xx.o
 .debug_info    0x0000000000001ecf       0x22 ./Core/Startup/startup_stm32f103c8tx.o
 .debug_info    0x0000000000001ef1      0x734 ./Drivers/STM32F1xx_HAL_Driver/Src/stm32f1xx_hal.o
 .debug_info    0x0000000000002625      0xb20 ./Drivers/STM32F1xx_HAL_Driver/Src/stm32f1xx_hal_cortex.o
 .debug_info    0x0000000000003145      0x615 ./Drivers/STM32F1xx_HAL_Driver/Src/stm32f1xx_hal_gpio.o
 .debug_info    0x000000000000375a      0x860 ./Drivers/STM32F1xx_HAL_Driver/Src/stm32f1xx_hal_rcc.o
 .debug_info    0x0000000000003fba     0x29de ./Drivers/STM32F1xx_HAL_Driver/Src/stm32f1xx_hal_tim.o
 .debug_info    0x0000000000006998     0x1513 ./Drivers/STM32F1xx_HAL_Driver/Src/stm32f1xx_hal_tim_ex.o

.debug_abbrev   0x0000000000000000     0x152f
 .debug_abbrev  0x0000000000000000      0x2d1 ./Core/Src/main.o
 .debug_abbrev  0x00000000000002d1      0x1c3 ./Core/Src/stm32f1xx_hal_msp.o
 .debug_abbrev  0x0000000000000494      0x141 ./Core/Src/stm32f1xx_it.o
 .debug_abbrev  0x00000000000005d5      0x13b ./Core/Src/system_stm32f1xx.o
 .debug_abbrev  0x0000000000000710       0x12 ./Core/Startup/startup_stm32f103c8tx.o
 .debug_abbrev  0x0000000000000722      0x1fb ./Drivers/STM32F1xx_HAL_Driver/Src/stm32f1xx_hal.o
 .debug_abbrev  0x000000000000091d      0x2ed ./Drivers/STM32F1xx_HAL_Driver/Src/stm32f1xx_hal_cortex.o
 .debug_abbrev  0x0000000000000c0a      0x1bb ./Drivers/STM32F1xx_HAL_Driver/Src/stm32f1xx_hal_gpio.o
 .debug_abbrev  0x0000000000000dc5      0x2a8 ./Drivers/STM32F1xx_HAL_Driver/Src/stm32f1xx_hal_rcc.o
 .debug_abbrev  0x000000000000106d      0x25d ./Drivers/STM32F1xx_HAL_Driver/Src/stm32f1xx_hal_tim.o
 .debug_abbrev  0x00000000000012ca      0x265 ./Drivers/STM32F1xx_HAL_Driver/Src/stm32f1xx_hal_tim_ex.o

.debug_aranges  0x0000000000000000      0x968
 .debug_aranges
                0x0000000000000000       0x60 ./Core/Src/main.o
 .debug_aranges
                0x0000000000000060       0x48 ./Core/Src/stm32f1xx_hal_msp.o
 .debug_aranges
                0x00000000000000a8       0x70 ./Core/Src/stm32f1xx_it.o
 .debug_aranges
                0x0000000000000118       0x28 ./Core/Src/system_stm32f1xx.o
 .debug_aranges
                0x0000000000000140       0x28 ./Core/Startup/startup_stm32f103c8tx.o
 .debug_aranges
                0x0000000000000168       0xe0 ./Drivers/STM32F1xx_HAL_Driver/Src/stm32f1xx_hal.o
 .debug_aranges
                0x0000000000000248      0x100 ./Drivers/STM32F1xx_HAL_Driver/Src/stm32f1xx_hal_cortex.o
 .debug_aranges
                0x0000000000000348       0x58 ./Drivers/STM32F1xx_HAL_Driver/Src/stm32f1xx_hal_gpio.o
 .debug_aranges
                0x00000000000003a0       0x90 ./Drivers/STM32F1xx_HAL_Driver/Src/stm32f1xx_hal_rcc.o
 .debug_aranges
                0x0000000000000430      0x3d0 ./Drivers/STM32F1xx_HAL_Driver/Src/stm32f1xx_hal_tim.o
 .debug_aranges
                0x0000000000000800      0x168 ./Drivers/STM32F1xx_HAL_Driver/Src/stm32f1xx_hal_tim_ex.o

.debug_ranges   0x0000000000000000      0x8c0
 .debug_ranges  0x0000000000000000       0x50 ./Core/Src/main.o
 .debug_ranges  0x0000000000000050       0x38 ./Core/Src/stm32f1xx_hal_msp.o
 .debug_ranges  0x0000000000000088       0x60 ./Core/Src/stm32f1xx_it.o
 .debug_ranges  0x00000000000000e8       0x18 ./Core/Src/system_stm32f1xx.o
 .debug_ranges  0x0000000000000100       0x20 ./Core/Startup/startup_stm32f103c8tx.o
 .debug_ranges  0x0000000000000120       0xd0 ./Drivers/STM32F1xx_HAL_Driver/Src/stm32f1xx_hal.o
 .debug_ranges  0x00000000000001f0       0xf0 ./Drivers/STM32F1xx_HAL_Driver/Src/stm32f1xx_hal_cortex.o
 .debug_ranges  0x00000000000002e0       0x48 ./Drivers/STM32F1xx_HAL_Driver/Src/stm32f1xx_hal_gpio.o
 .debug_ranges  0x0000000000000328       0x80 ./Drivers/STM32F1xx_HAL_Driver/Src/stm32f1xx_hal_rcc.o
 .debug_ranges  0x00000000000003a8      0x3c0 ./Drivers/STM32F1xx_HAL_Driver/Src/stm32f1xx_hal_tim.o
 .debug_ranges  0x0000000000000768      0x158 ./Drivers/STM32F1xx_HAL_Driver/Src/stm32f1xx_hal_tim_ex.o

.debug_macro    0x0000000000000000    0x1661c
 .debug_macro   0x0000000000000000      0x1c1 ./Core/Src/main.o
 .debug_macro   0x00000000000001c1      0xa6c ./Core/Src/main.o
 .debug_macro   0x0000000000000c2d      0x215 ./Core/Src/main.o
 .debug_macro   0x0000000000000e42       0x2e ./Core/Src/main.o
 .debug_macro   0x0000000000000e70       0x22 ./Core/Src/main.o
 .debug_macro   0x0000000000000e92       0x22 ./Core/Src/main.o
 .debug_macro   0x0000000000000eb4       0x8e ./Core/Src/main.o
 .debug_macro   0x0000000000000f42       0x51 ./Core/Src/main.o
 .debug_macro   0x0000000000000f93      0x103 ./Core/Src/main.o
 .debug_macro   0x0000000000001096       0x6a ./Core/Src/main.o
 .debug_macro   0x0000000000001100      0x1df ./Core/Src/main.o
 .debug_macro   0x00000000000012df       0x1c ./Core/Src/main.o
 .debug_macro   0x00000000000012fb       0x22 ./Core/Src/main.o
 .debug_macro   0x000000000000131d       0xbd ./Core/Src/main.o
 .debug_macro   0x00000000000013da      0xd23 ./Core/Src/main.o
 .debug_macro   0x00000000000020fd     0xe09e ./Core/Src/main.o
 .debug_macro   0x000000000001019b       0x6d ./Core/Src/main.o
 .debug_macro   0x0000000000010208     0x3468 ./Core/Src/main.o
 .debug_macro   0x0000000000013670      0x174 ./Core/Src/main.o
 .debug_macro   0x00000000000137e4       0x5c ./Core/Src/main.o
 .debug_macro   0x0000000000013840      0x5be ./Core/Src/main.o
 .debug_macro   0x0000000000013dfe      0x289 ./Core/Src/main.o
 .debug_macro   0x0000000000014087      0x1cb ./Core/Src/main.o
 .debug_macro   0x0000000000014252      0x114 ./Core/Src/main.o
 .debug_macro   0x0000000000014366      0x1b2 ./Core/Src/main.o
 .debug_macro   0x0000000000014518       0x27 ./Core/Src/main.o
 .debug_macro   0x000000000001453f      0x136 ./Core/Src/main.o
 .debug_macro   0x0000000000014675      0x1bc ./Core/Src/main.o
 .debug_macro   0x0000000000014831       0x34 ./Core/Src/main.o
 .debug_macro   0x0000000000014865       0x3c ./Core/Src/main.o
 .debug_macro   0x00000000000148a1       0x57 ./Core/Src/main.o
 .debug_macro   0x00000000000148f8       0x88 ./Core/Src/main.o
 .debug_macro   0x0000000000014980      0x241 ./Core/Src/main.o
 .debug_macro   0x0000000000014bc1      0x141 ./Core/Src/main.o
 .debug_macro   0x0000000000014d02      0x8d1 ./Core/Src/main.o
 .debug_macro   0x00000000000155d3       0x83 ./Core/Src/main.o
 .debug_macro   0x0000000000015656       0x70 ./Core/Src/main.o
 .debug_macro   0x00000000000156c6       0x22 ./Core/Src/main.o
 .debug_macro   0x00000000000156e8      0x1a8 ./Core/Src/stm32f1xx_hal_msp.o
 .debug_macro   0x0000000000015890      0x1bb ./Core/Src/stm32f1xx_it.o
 .debug_macro   0x0000000000015a4b      0x199 ./Core/Src/system_stm32f1xx.o
 .debug_macro   0x0000000000015be4      0x1bd ./Drivers/STM32F1xx_HAL_Driver/Src/stm32f1xx_hal.o
 .debug_macro   0x0000000000015da1      0x199 ./Drivers/STM32F1xx_HAL_Driver/Src/stm32f1xx_hal_cortex.o
 .debug_macro   0x0000000000015f3a      0x204 ./Drivers/STM32F1xx_HAL_Driver/Src/stm32f1xx_hal_gpio.o
 .debug_macro   0x000000000001613e      0x1ab ./Drivers/STM32F1xx_HAL_Driver/Src/stm32f1xx_hal_rcc.o
 .debug_macro   0x00000000000162e9      0x19a ./Drivers/STM32F1xx_HAL_Driver/Src/stm32f1xx_hal_tim.o
 .debug_macro   0x0000000000016483      0x199 ./Drivers/STM32F1xx_HAL_Driver/Src/stm32f1xx_hal_tim_ex.o

.debug_line     0x0000000000000000     0x956f
 .debug_line    0x0000000000000000      0x9e2 ./Core/Src/main.o
 .debug_line    0x00000000000009e2      0x759 ./Core/Src/stm32f1xx_hal_msp.o
 .debug_line    0x000000000000113b      0x768 ./Core/Src/stm32f1xx_it.o
 .debug_line    0x00000000000018a3      0x6d4 ./Core/Src/system_stm32f1xx.o
 .debug_line    0x0000000000001f77       0x87 ./Core/Startup/startup_stm32f103c8tx.o
 .debug_line    0x0000000000001ffe      0x901 ./Drivers/STM32F1xx_HAL_Driver/Src/stm32f1xx_hal.o
 .debug_line    0x00000000000028ff      0xae9 ./Drivers/STM32F1xx_HAL_Driver/Src/stm32f1xx_hal_cortex.o
 .debug_line    0x00000000000033e8      0x998 ./Drivers/STM32F1xx_HAL_Driver/Src/stm32f1xx_hal_gpio.o
 .debug_line    0x0000000000003d80      0xd0f ./Drivers/STM32F1xx_HAL_Driver/Src/stm32f1xx_hal_rcc.o
 .debug_line    0x0000000000004a8f     0x32b7 ./Drivers/STM32F1xx_HAL_Driver/Src/stm32f1xx_hal_tim.o
 .debug_line    0x0000000000007d46     0x1829 ./Drivers/STM32F1xx_HAL_Driver/Src/stm32f1xx_hal_tim_ex.o

.debug_str      0x0000000000000000    0x840e7
 .debug_str     0x0000000000000000    0x81fd0 ./Core/Src/main.o
                                      0x823ef (size before relaxing)
 .debug_str     0x0000000000081fd0       0xcd ./Core/Src/stm32f1xx_hal_msp.o
                                      0x81e58 (size before relaxing)
 .debug_str     0x000000000008209d       0xda ./Core/Src/stm32f1xx_it.o
                                      0x819d3 (size before relaxing)
 .debug_str     0x0000000000082177       0x88 ./Core/Src/system_stm32f1xx.o
                                      0x81713 (size before relaxing)
 .debug_str     0x00000000000821ff       0x36 ./Core/Startup/startup_stm32f103c8tx.o
                                         0x86 (size before relaxing)
 .debug_str     0x0000000000082235      0x5fb ./Drivers/STM32F1xx_HAL_Driver/Src/stm32f1xx_hal.o
                                      0x81e46 (size before relaxing)
 .debug_str     0x0000000000082830      0x2bb ./Drivers/STM32F1xx_HAL_Driver/Src/stm32f1xx_hal_cortex.o
                                      0x81d92 (size before relaxing)
 .debug_str     0x0000000000082aeb      0x2d3 ./Drivers/STM32F1xx_HAL_Driver/Src/stm32f1xx_hal_gpio.o
                                      0x81a99 (size before relaxing)
 .debug_str     0x0000000000082dbe      0x229 ./Drivers/STM32F1xx_HAL_Driver/Src/stm32f1xx_hal_rcc.o
                                      0x81b42 (size before relaxing)
 .debug_str     0x0000000000082fe7      0xd1f ./Drivers/STM32F1xx_HAL_Driver/Src/stm32f1xx_hal_tim.o
                                      0x82b2d (size before relaxing)
 .debug_str     0x0000000000083d06      0x3e1 ./Drivers/STM32F1xx_HAL_Driver/Src/stm32f1xx_hal_tim_ex.o
                                      0x82349 (size before relaxing)

.comment        0x0000000000000000       0x50
 .comment       0x0000000000000000       0x50 ./Core/Src/main.o
                                         0x51 (size before relaxing)
 .comment       0x0000000000000050       0x51 ./Core/Src/stm32f1xx_hal_msp.o
 .comment       0x0000000000000050       0x51 ./Core/Src/stm32f1xx_it.o
 .comment       0x0000000000000050       0x51 ./Core/Src/system_stm32f1xx.o
 .comment       0x0000000000000050       0x51 ./Drivers/STM32F1xx_HAL_Driver/Src/stm32f1xx_hal.o
 .comment       0x0000000000000050       0x51 ./Drivers/STM32F1xx_HAL_Driver/Src/stm32f1xx_hal_cortex.o
 .comment       0x0000000000000050       0x51 ./Drivers/STM32F1xx_HAL_Driver/Src/stm32f1xx_hal_gpio.o
 .comment       0x0000000000000050       0x51 ./Drivers/STM32F1xx_HAL_Driver/Src/stm32f1xx_hal_rcc.o
 .comment       0x0000000000000050       0x51 ./Drivers/STM32F1xx_HAL_Driver/Src/stm32f1xx_hal_tim.o
 .comment       0x0000000000000050       0x51 ./Drivers/STM32F1xx_HAL_Driver/Src/stm32f1xx_hal_tim_ex.o

.debug_frame    0x0000000000000000     0x26d4
 .debug_frame   0x0000000000000000      0x148 ./Core/Src/main.o
 .debug_frame   0x0000000000000148       0xf4 ./Core/Src/stm32f1xx_hal_msp.o
 .debug_frame   0x000000000000023c      0x140 ./Core/Src/stm32f1xx_it.o
 .debug_frame   0x000000000000037c       0x58 ./Core/Src/system_stm32f1xx.o
 .debug_frame   0x00000000000003d4      0x334 ./Drivers/STM32F1xx_HAL_Driver/Src/stm32f1xx_hal.o
 .debug_frame   0x0000000000000708      0x428 ./Drivers/STM32F1xx_HAL_Driver/Src/stm32f1xx_hal_cortex.o
 .debug_frame   0x0000000000000b30      0x14c ./Drivers/STM32F1xx_HAL_Driver/Src/stm32f1xx_hal_gpio.o
 .debug_frame   0x0000000000000c7c      0x21c ./Drivers/STM32F1xx_HAL_Driver/Src/stm32f1xx_hal_rcc.o
 .debug_frame   0x0000000000000e98     0x11b8 ./Drivers/STM32F1xx_HAL_Driver/Src/stm32f1xx_hal_tim.o
 .debug_frame   0x0000000000002050      0x638 ./Drivers/STM32F1xx_HAL_Driver/Src/stm32f1xx_hal_tim_ex.o
 .debug_frame   0x0000000000002688       0x2c c:/st/stm32cubeide_1.8.0/stm32cubeide/plugins/com.st.stm32cube.ide.mcu.externaltools.gnu-tools-for-stm32.10.3-2021.10.win32_1.0.0.202111181127/tools/bin/../lib/gcc/arm-none-eabi/10.3.1/../../../../arm-none-eabi/lib/thumb/v7-m/nofp\libc_nano.a(lib_a-init.o)
 .debug_frame   0x00000000000026b4       0x20 c:/st/stm32cubeide_1.8.0/stm32cubeide/plugins/com.st.stm32cube.ide.mcu.externaltools.gnu-tools-for-stm32.10.3-2021.10.win32_1.0.0.202111181127/tools/bin/../lib/gcc/arm-none-eabi/10.3.1/../../../../arm-none-eabi/lib/thumb/v7-m/nofp\libc_nano.a(lib_a-memset.o)
